// Jest Snapshot v1, https://goo.gl/fbAQLP

exports[`should match the snapshot with all correct data passed in 1`] = `
<div
  className="Person"
>
  <div>
    <button
      onClick={[Function]}
    >
      x
    </button>
  </div>
  <img
    alt="Person"
    src="./robbie.jpg"
  />
  <h3
    contentEditable="true"
    id="name"
    onBlur={[Function]}
    onKeyUp={[Function]}
    suppressContentEditableWarning={true}
  >
    Robbie
  </h3>
  <p
    contentEditable="true"
    id="quote"
    onBlur={[Function]}
    onKeyUp={[Function]}
    suppressContentEditableWarning={true}
  >
    "
    Cool.
    "
  </p>
  <h4
    contentEditable="true"
    id="superlative"
    onBlur={[Function]}
    onKeyUp={[Function]}
    suppressContentEditableWarning={true}
  >
    Most Likely to Be Accused of Murder
  </h4>
</div>
`;
